// Jest Snapshot v1, https://goo.gl/fbAQLP

exports[`Renders correctly 1`] = `
<div
  className="container"
  data-testid="chat-room"
  style={
    Object {
      "height": "calc(100% - 100px)",
      "paddingBottom": "250px",
    }
  }
>
  <div
    className="chat-area container"
    style={
      Object {
        "backgroundColor": "#F0F0F0",
      }
    }
  />
  <div
    style={
      Object {
        "bottom": "0",
        "height": "60px",
        "left": "0",
        "position": "fixed",
        "right": "0",
        "width": "100%",
      }
    }
  >
    <div
      className="row"
    >
      <form
        className="d-flex justify-content-center align-items-stretch"
        onSubmit={[Function]}
      >
        <input
          className="form-control"
          onChange={[Function]}
          placeholder="Say something"
          required={true}
          type="text"
          value=""
        />
        <button
          className="p-3 btn btn-primary"
          disabled={true}
          onClick={[Function]}
          style={
            Object {
              "width": "20%",
            }
          }
          type="submit"
        >
          Send
        </button>
      </form>
    </div>
  </div>
  <div />
</div>
`;
