// Jest Snapshot v1, https://goo.gl/fbAQLP

exports[`Renders correctly 1`] = `
<div
  className="py-2 container"
>
  <div
    className="align-items-center nav"
    onKeyDown={[Function]}
  >
    <div
      className="nav-item"
    >
      <a
        className="nav-link"
        data-rr-ui-event-key="/history"
        disabled={false}
        href="/history"
        onClick={[Function]}
      >
        View Chat History
      </a>
    </div>
  </div>
</div>
`;
