// Jest Snapshot v1, https://goo.gl/fbAQLP

exports[`Renders correctly 1`] = `
<div
  className="mb-2 p-2 col-md-5 offset-md-7"
  style={
    Object {
      "backgroundColor": "#E8E8E8",
      "color": "#606060",
      "height": "auto",
    }
  }
>
  <h4>
    Me
  </h4>
  <p />
  <span
    style={
      Object {
        "fontSize": "0.8rem",
      }
    }
  >
    <i />
  </span>
</div>
`;
